// Jest Snapshot v1, https://goo.gl/fbAQLP

exports[`<Incident /> renders the correct HTML 1`] = `
<div
  className="incident"
>
  <div>
    15:34:53
  </div>
  <div>
    GOAL_MISSED_AWAY
  </div>
</div>
`;
